src/modules/especialidades/especialidad.repository.ts(28,31): error TS2345: Argument of type 'number' is not assignable to parameter of type 'string'.
src/modules/especialidades/especialidad.repository.ts(64,31): error TS2345: Argument of type 'number' is not assignable to parameter of type 'string'.
src/modules/especialidades/especialidad.repository.ts(74,93): error TS2345: Argument of type 'number' is not assignable to parameter of type 'string'.
src/modules/examenes/examen.repository.ts(27,30): error TS2345: Argument of type 'number' is not assignable to parameter of type 'string'.
src/modules/examenes/examen.repository.ts(38,59): error TS2345: Argument of type 'number' is not assignable to parameter of type 'string'.
src/modules/examenes/examen.repository.ts(64,30): error TS2345: Argument of type 'number' is not assignable to parameter of type 'string'.
src/modules/examenes/examen.repository.ts(74,92): error TS2345: Argument of type 'number' is not assignable to parameter of type 'string'.
src/modules/examenes/examen.repository.ts(84,59): error TS2345: Argument of type 'number' is not assignable to parameter of type 'string'.
src/modules/formulas/formula.repository.ts(27,26): error TS2345: Argument of type 'number' is not assignable to parameter of type 'string'.
src/modules/formulas/formula.repository.ts(38,69): error TS2345: Argument of type 'number' is not assignable to parameter of type 'string'.
src/modules/formulas/formula.repository.ts(64,26): error TS2345: Argument of type 'number' is not assignable to parameter of type 'string'.
src/modules/formulas/formula.repository.ts(74,82): error TS2345: Argument of type 'number' is not assignable to parameter of type 'string'.
src/modules/formulas/formula.repository.ts(84,69): error TS2345: Argument of type 'number' is not assignable to parameter of type 'string'.
src/modules/hospitales/hospital.repository.ts(28,27): error TS2345: Argument of type 'number' is not assignable to parameter of type 'string'.
src/modules/hospitales/hospital.repository.ts(69,27): error TS2345: Argument of type 'number' is not assignable to parameter of type 'string'.
src/modules/hospitales/hospital.repository.ts(79,85): error TS2345: Argument of type 'number' is not assignable to parameter of type 'string'.
src/modules/incapacidades/incapacidad.repository.ts(28,30): error TS2345: Argument of type 'number' is not assignable to parameter of type 'string'.
src/modules/incapacidades/incapacidad.repository.ts(40,69): error TS2345: Argument of type 'number' is not assignable to parameter of type 'string'.
src/modules/incapacidades/incapacidad.repository.ts(50,10): error TS2769: No overload matches this call.
  Overload 1 of 2, '(values: { fecha: string; incapacidadid?: string | undefined; tratamientoid: string; }, options?: { count?: "exact" | "planned" | "estimated" | undefined; } | undefined): PostgrestFilterBuilder<{ PostgrestVersion: "14.4"; }, ... 5 more ..., "POST">', gave the following error.
    Type 'number' is not assignable to type 'string'.
  Overload 2 of 2, '(values: { fecha: string; incapacidadid?: string | undefined; tratamientoid: string; }[], options?: { count?: "exact" | "planned" | "estimated" | undefined; defaultToNull?: boolean | undefined; } | undefined): PostgrestFilterBuilder<...>', gave the following error.
    Object literal may only specify known properties, and 'fecha' does not exist in type '{ fecha: string; incapacidadid?: string | undefined; tratamientoid: string; }[]'.
src/modules/incapacidades/incapacidad.repository.ts(71,30): error TS2345: Argument of type 'number' is not assignable to parameter of type 'string'.
src/modules/incapacidades/incapacidad.repository.ts(81,91): error TS2345: Argument of type 'number' is not assignable to parameter of type 'string'.
src/modules/medicamentos/medicamento.repository.ts(28,30): error TS2345: Argument of type 'number' is not assignable to parameter of type 'string'.
src/modules/medicamentos/medicamento.repository.ts(68,30): error TS2345: Argument of type 'number' is not assignable to parameter of type 'string'.
src/modules/medicamentos/medicamento.repository.ts(78,90): error TS2345: Argument of type 'number' is not assignable to parameter of type 'string'.
src/modules/medicos/medico.repository.ts(28,25): error TS2345: Argument of type 'number' is not assignable to parameter of type 'string'.
src/modules/medicos/medico.repository.ts(41,71): error TS2345: Argument of type 'number' is not assignable to parameter of type 'string'.
src/modules/medicos/medico.repository.ts(42,63): error TS2345: Argument of type 'number' is not assignable to parameter of type 'string'.
src/modules/medicos/medico.repository.ts(53,11): error TS2769: No overload matches this call.
  Overload 2 of 2, '(values: { apellido: string; correoelectronico?: string | null | undefined; especialidadid: string; hospitalid: string; medicoid?: string | undefined; nombre: string; telefono?: string | null | undefined; }[], options?: { ...; } | undefined): PostgrestFilterBuilder<...>', gave the following error.
    Object literal may only specify known properties, and 'nombre' does not exist in type '{ apellido: string; correoelectronico?: string | null | undefined; especialidadid: string; hospitalid: string; medicoid?: string | undefined; nombre: string; telefono?: string | null | undefined; }[]'.
src/modules/medicos/medico.repository.ts(81,25): error TS2345: Argument of type 'number' is not assignable to parameter of type 'string'.
src/modules/medicos/medico.repository.ts(91,80): error TS2345: Argument of type 'number' is not assignable to parameter of type 'string'.
src/modules/motivosvisitas/motivo.visita.repository.ts(28,25): error TS2345: Argument of type 'number' is not assignable to parameter of type 'string'.
src/modules/motivosvisitas/motivo.visita.repository.ts(64,25): error TS2345: Argument of type 'number' is not assignable to parameter of type 'string'.
src/modules/motivosvisitas/motivo.visita.repository.ts(74,87): error TS2345: Argument of type 'number' is not assignable to parameter of type 'string'.
src/modules/pacientes/paciente.repository.ts(28,27): error TS2345: Argument of type 'number' is not assignable to parameter of type 'string'.
src/modules/pacientes/paciente.repository.ts(81,27): error TS2345: Argument of type 'number' is not assignable to parameter of type 'string'.
src/modules/pacientes/paciente.repository.ts(91,84): error TS2345: Argument of type 'number' is not assignable to parameter of type 'string'.
src/modules/tratamientos/tratamiento.repository.ts(28,30): error TS2345: Argument of type 'number' is not assignable to parameter of type 'string'.
src/modules/tratamientos/tratamiento.repository.ts(39,59): error TS2345: Argument of type 'number' is not assignable to parameter of type 'string'.
src/modules/tratamientos/tratamiento.repository.ts(50,11): error TS2769: No overload matches this call.
  Overload 1 of 2, '(values: { fechafin?: string | null | undefined; fechainicio: string; tratamientoid?: string | undefined; visitaid: string; }, options?: { count?: "exact" | "planned" | "estimated" | undefined; } | undefined): PostgrestFilterBuilder<...>', gave the following error.
    Type 'number' is not assignable to type 'string'.
  Overload 2 of 2, '(values: { fechafin?: string | null | undefined; fechainicio: string; tratamientoid?: string | undefined; visitaid: string; }[], options?: { count?: "exact" | "planned" | "estimated" | undefined; defaultToNull?: boolean | undefined; } | undefined): PostgrestFilterBuilder<...>', gave the following error.
    Object literal may only specify known properties, and 'visitaid' does not exist in type '{ fechafin?: string | null | undefined; fechainicio: string; tratamientoid?: string | undefined; visitaid: string; }[]'.
src/modules/tratamientos/tratamiento.repository.ts(65,17): error TS2559: Type 'Partial<CreateTratamientoDTO>' has no properties in common with type '{ fechafin?: string | null | undefined; fechainicio?: string | undefined; tratamientoid?: string | undefined; visitaid?: string | undefined; }'.
src/modules/tratamientos/tratamiento.repository.ts(66,30): error TS2345: Argument of type 'number' is not assignable to parameter of type 'string'.
src/modules/tratamientos/tratamiento.repository.ts(76,90): error TS2345: Argument of type 'number' is not assignable to parameter of type 'string'.
src/modules/tratamientos/tratamiento.repository.ts(86,59): error TS2345: Argument of type 'number' is not assignable to parameter of type 'string'.
src/modules/visitas/visita.repository.ts(27,25): error TS2345: Argument of type 'number' is not assignable to parameter of type 'string'.
src/modules/visitas/visita.repository.ts(38,63): error TS2345: Argument of type 'number' is not assignable to parameter of type 'string'.
src/modules/visitas/visita.repository.ts(39,59): error TS2345: Argument of type 'number' is not assignable to parameter of type 'string'.
src/modules/visitas/visita.repository.ts(50,11): error TS2769: No overload matches this call.
  Overload 2 of 2, '(values: { fecha: string; hora: string; medicoid: string; pacienteid: string; visitaid?: string | undefined; }[], options?: { count?: "exact" | "planned" | "estimated" | undefined; defaultToNull?: boolean | undefined; } | undefined): PostgrestFilterBuilder<...>', gave the following error.
    Object literal may only specify known properties, and 'pacienteid' does not exist in type '{ fecha: string; hora: string; medicoid: string; pacienteid: string; visitaid?: string | undefined; }[]'.
src/modules/visitas/visita.repository.ts(74,25): error TS2345: Argument of type 'number' is not assignable to parameter of type 'string'.
src/modules/visitas/visita.repository.ts(84,80): error TS2345: Argument of type 'number' is not assignable to parameter of type 'string'.
src/modules/visitas/visita.repository.ts(94,63): error TS2345: Argument of type 'number' is not assignable to parameter of type 'string'.
